
[TestUpdateWithFlag/test_-_0 - 1]
lore ipsum dolor sit amet
---

[TestUpdateWithFlag/test_-_1 - 1]
consectetur adipiscing elit
---

[TestUpdateWithFlag/test_-_2 - 1]
sed do eiusmod tempor incididunt ut labore et dolore magna aliqua
---

[TestUpdateWithFlag/test_-_3 - 1]
Ut enim ad minim veniam, quis nostrud laboris nisi ut aliquip ex ea commodo consequat.
---
