
[TestMatchSnapshot/should_make_an_int_snapshot - 1]
int(5)
---

[TestMatchSnapshot/should_make_a_string_snapshot - 1]
string snapshot
---

[TestMatchSnapshot/should_make_a_map_snapshot - 1]
map[string]interface {}{
    "mock-0": "value",
    "mock-1": int(2),
    "mock-2": func() {...},
    "mock-3": float32(10.399999618530273),
}
---

[TestMatchSnapshot/should_make_multiple_entries_in_snapshot - 1]
int(5)
int(10)
int(20)
int(25)
---

[TestMatchSnapshot/should_make_create_multiple_snapshot - 1]
int(1000)
---

[TestMatchSnapshot/should_make_create_multiple_snapshot - 2]
another snapshot
---

[TestMatchSnapshot/should_make_create_multiple_snapshot - 3]
{
            "user": "gkampitakis",
            "id": 1234567,
            "data": [ ]
        }
---

[TestMatchSnapshot/nest/more/one_more_nested_test - 1]
it's okay
---

[TestMatchSnapshot/.* - 1]
ignore regex patterns on names
---

[TestSimpleTable/string - 1]
input
---

[TestSimpleTable/integer - 1]
int(10)
---

[TestSimpleTable/map - 1]
map[string]interface {}{
    "test": func() {...},
}
---

[TestSimpleTable/buffer - 1]
&bytes.Buffer{
    buf:      {0x42, 0x75, 0x66, 0x66, 0x65, 0x72, 0x20, 0x73, 0x74, 0x72, 0x69, 0x6e, 0x67},
    off:      0,
    lastRead: 0,
}
---

[TestMatchSnapshot/withConfig - 1]
this should use the default config
---

[TestUpdateWithFlag/test_-_0 - 1]
lore ipsum dolor sit amet
---

[TestUpdateWithFlag/test_-_1 - 1]
consectetur adipiscing elit
---

[TestUpdateWithFlag/test_-_2 - 1]
sed do eiusmod tempor incididunt ut labore et dolore magna aliqua
---

[TestUpdateWithFlag/test_-_3 - 1]
Ut enim ad minim veniam, quis nostrud laboris nisi ut aliquip ex ea commodo consequat.
---

[TestParallel/should_snap_an_integer - 1]
int(10)
---

[TestParallel/should_snap_an_integer_slice - 1]
[]int{1, 2, 3, 4}
---

[TestParallel/should_snap_a_struct - 1]
struct { user string; email string; age int }{user:"gkampitakis", email:"mock@mail.com", age:10}
---

[TestParallel/should_snap_a_float - 1]
float64(10.5)
---

[TestParallel/should_snap_a_buffer - 1]
&bytes.Buffer{
    buf:      {0x42, 0x75, 0x66, 0x66, 0x65, 0x72, 0x20, 0x73, 0x74, 0x72, 0x69, 0x6e, 0x67},
    off:      0,
    lastRead: 0,
}
---

[TestParallel/should_snap_a_map - 1]
map[string]int{"value-0":0, "value-1":1, "value-2":2, "value-3":3}
---

[TestParallel/should_snap_a_struct_with_fields - 1]
struct { _ struct {}; name string; id string }{
    _:    struct {}{},
    name: "mock-name",
    id:   "123456",
}
---

[TestParallel/should_snap_a_pointer - 1]
&int(10)
---
